mysql> DELIMITER //
mysql> 
mysql> CREATE TRIGGER UpdateOverTimeTrigger AFTER INSERT ON WORKS_ON
    -> FOR EACH ROW
    -> BEGIN
    ->     IF NEW.Hours > 40 THEN
    ->         UPDATE EMPLOYEE
    ->         SET OverTimeCount = OverTimeCount + 1
    ->         WHERE Ssn = NEW.Essn;
    ->     END IF;
    -> END //
ERROR 1046 (3D000): No database selected
mysql> 
mysql> DELIMITER ;
mysql> use cxm1569
Reading table information for completion of table and column names
You can turn off this feature to get a quicker startup with -A

Database changed
mysql> DELIMITER //
mysql> 
mysql> CREATE TRIGGER UpdateOverTimeTrigger AFTER INSERT ON WORKS_ON
    -> FOR EACH ROW
    -> BEGIN
    ->     IF NEW.Hours > 40 THEN
    ->         UPDATE EMPLOYEE
    ->         SET OverTimeCount = OverTimeCount + 1
    ->         WHERE Ssn = NEW.Essn;
    ->     END IF;
    -> END //
ERROR 1359 (HY000): Trigger already exists
mysql> 
mysql> DELIMITER ;
mysql> exit
